// Jest Snapshot v1, https://goo.gl/fbAQLP

exports[`goal renders correctly 1`] = `
<Connect(Form(Goal))
  destroyOnUnmount={true}
  enableReinitialize={false}
  forceUnregisterOnUnmount={false}
  form="goal"
  getFormState={[Function]}
  keepDirtyOnReinitialize={false}
  persistentSubmitErrors={false}
  pure={true}
  shouldAsyncValidate={[Function]}
  shouldError={[Function]}
  shouldValidate={[Function]}
  shouldWarn={[Function]}
  touchOnBlur={true}
  touchOnChange={false}
  updateUnregisteredFields={false}
/>
`;
